2026-08-26 10:21:06 INFO retrying database connection (attempt 1/3)
2026-08-26 10:21:08 ERROR database connection timed out after 2000ms
2026-08-26 10:21:09 INFO retrying database connection (attempt 2/3)
2026-08-26 10:21:11 INFO database connection established successfully
2026-08-26 10:21:12 INFO loading system configuration module
2026-08-26 10:21:14 WARN configuration key 'MAX_WORKERS' missing, falling back to default (4)
2026-08-26 10:21:15 INFO initializing cache engine (Redis v7.2.4)
2026-08-26 10:21:16 INFO loading background job scheduler
2026-08-26 10:21:18 DEBUG registered 14 active cron tasks
2026-08-26 10:21:20 INFO HTTP server listening on port 8080
2026-08-26 10:21:22 INFO incoming connection GET /api/v1/healthcheck from 192.168.1.45
2026-08-26 10:21:22 INFO response sent GET /api/v1/healthcheck status=200 duration=4ms
2026-08-26 10:21:25 INFO incoming connection POST /api/v1/auth/login from 10.0.0.12
2026-08-26 10:21:26 WARN failed login attempt for user 'admin' from 10.0.0.12 (invalid password)
2026-08-26 10:21:29 INFO user 'jdoe' logged in successfully from 192.168.1.88
2026-08-26 10:21:31 DEBUG background worker thread #3 spawned
2026-08-26 10:21:35 INFO starting scheduled batch job 'nightly_reports_cleanup'
2026-08-26 10:21:38 WARN high memory usage threshold breached (84% used, 6.7GB / 8.0GB)
2026-08-26 10:21:40 WARN garbage collector triggered (forced sweep)
2026-08-26 10:21:42 INFO memory freed: 1.2GB reclaimed, current usage 69%
2026-08-26 10:21:45 INFO incoming connection POST /api/v1/orders/create from 192.168.1.102
2026-08-26 10:21:46 ERROR failed to process payment for order #84920: gateway connection reset
2026-08-26 10:21:47 WARN payment gateway primary down, switching to secondary endpoint
2026-08-26 10:21:49 INFO retried payment for order #84920: status=SUCCESS
2026-08-26 10:21:52 DEBUG cache hit ratio drop detected (current: 42%, expected: >85%)
2026-08-26 10:21:55 WARN slow query detected: SELECT * FROM audit_logs WHERE timestamp > ... (duration=1420ms)
2026-08-26 10:22:01 INFO incoming connection GET /api/v1/reports/export from 192.168.1.15
2026-08-26 10:22:05 ERROR worker pool exhausted, request queued (queue depth: 18)
2026-08-26 10:22:07 ERROR request timeout GET /api/v1/reports/export status=504 duration=6000ms
2026-08-26 10:22:10 WARN SSL certificate 'api.example.com' expires in 4 days
2026-08-26 10:22:14 INFO auto-scaling trigger: launching 2 additional worker instances
2026-08-26 10:22:18 INFO instance node-worker-05 registered to load balancer
2026-08-26 10:22:20 INFO instance node-worker-06 registered to load balancer
2026-08-26 10:22:25 DEBUG worker pool capacity restored (active workers: 8, queue depth: 0)
2026-08-26 10:22:30 INFO incoming connection DELETE /api/v1/users/9912 from 192.168.1.88
2026-08-26 10:22:31 INFO user '9912' marked as archived by 'jdoe'
2026-08-26 10:22:35 WARN disk space running low on /var/log (12% remaining)
2026-08-26 10:22:40 INFO starting log rotation daemon
2026-08-26 10:22:42 INFO compressed 4 old log files, 850MB disk space reclaimed
2026-08-26 10:22:45 ERROR unhandled exception in async worker: NullPointerException at Service.java:142
2026-08-26 10:22:46 ERROR stack trace: at com.app.service.OrderProcessor.process(OrderProcessor.java:142)
2026-08-26 10:22:50 INFO healthcheck monitor: all critical services reporting healthy
